<html>
<body>
<pre>
<h1>礦ision Build Log</h1>
<h2>Tool Versions:</h2>
IDE-Version: μVision V5.14.0.0
Copyright (C) 2015 ARM Ltd and ARM Germany GmbH. All rights reserved.
License Information: YANG XIUHUA, FD, LIC=PE7DL-06T72-GK3BG-VULEN-SZ4PH-QLW87
 
Tool Versions:
Toolchain:       MDK-ARM Standard  Version: 5.14.0.0
Toolchain Path:  C:\Keil_v5\ARM\ARMCC\Bin
C Compiler:      Armcc.exe V5.05 update 1 (build 106)
Assembler:       Armasm.exe V5.05 update 1 (build 106)
Linker/Locator:  ArmLink.exe V5.05 update 1 (build 106)
Library Manager: ArmAr.exe V5.05 update 1 (build 106)
Hex Converter:   FromElf.exe V5.05 update 1 (build 106)
CPU DLL:         SARMCM3.DLL V5.14.0.0
Dialog DLL:      DCM.DLL V1.13.1.0
Target DLL:      STLink\ST-LINKIII-KEIL_SWO.dll V2.0.14.0_KEIL
Dialog DLL:      TCM.DLL V1.14.4.0
 
<h2>Project:</h2>
D:\Github\Impedance-analyzer\AD9854\V3.2-AD9854模块资料\测试程序\STM32版本\STM32F103\STM32_AD9854测试程序_V1.0\Project\AD9854.uvprojx
Project File Date:  07/24/2021

<h2>Output:</h2>
Build target 'STM32_CharLCD'
compiling main.c...
compiling PeripheralInit.c...
compiling CharLCD.c...
compiling Delay.c...
compiling AD9854.c...
compiling misc.c...
compiling stm32f10x_gpio.c...
compiling stm32f10x_rcc.c...
compiling core_cm3.c...
compiling system_stm32f10x.c...
assembling startup_stm32f10x_hd.s...
linking...
Program Size: Code=2784 RO-data=336 RW-data=136 ZI-data=1024  
FromELF: creating hex file...
".\Obj\AD9854.axf" - 0 Error(s), 0 Warning(s).

<h2>Collection of Component include folders:</h2>
  D:\Github\Impedance-analyzer\AD9854\V3.2-AD9854模块资料\测试程序\STM32版本\STM32F103\STM32_AD9854测试程序_V1.0\Project\RTE
  C:\Keil_v5\ARM\PACK\Keil\STM32F1xx_DFP\1.0.5\Device\Include

<h2>Collection of Component Files used:</h2>
</pre>
</body>
</html>
